<html>
<body>
<pre>
<h1>µVision Build Log</h1>
<h2>Tool Versions:</h2>
IDE-Version: µVision V5.32.0.0
Copyright (C) 2020 ARM Ltd and ARM Germany GmbH. All rights reserved.
License Information: MUSTAFA ÞAMÝLEV, Afyon kocatepe üni, LIC=----
 
Tool Versions:
Toolchain:       MDK-Lite  Version: 5.32.0.0
Toolchain Path:  C:\Keil_v5\ARM\ARMCC\Bin
C Compiler:      Armcc.exe V5.06 update 7 (build 960)
Assembler:       Armasm.exe V5.06 update 7 (build 960)
Linker/Locator:  ArmLink.exe V5.06 update 7 (build 960)
Library Manager: ArmAr.exe V5.06 update 7 (build 960)
Hex Converter:   FromElf.exe V5.06 update 7 (build 960)
CPU DLL:         SARMCM3.DLL V5.32.0.0
Dialog DLL:      DCM.DLL V1.17.3.0
Target DLL:      STLink\ST-LINKIII-KEIL_SWO.dll V3.0.8.0
Dialog DLL:      TCM.DLL V1.46.0.0
 
<h2>Project:</h2>
C:\micro\lcd+pot+dalgic+start+stop\MDK-ARM\lcd+pot+dalgic+start+stop.uvprojx
Project File Date:  01/31/2021

<h2>Output:</h2>
*** Using Compiler 'V5.06 update 7 (build 960)', folder: 'C:\Keil_v5\ARM\ARMCC\Bin'
Build target 'lcd+pot+dalgic+start+stop'
compiling main.c...
../Core/Src/main.c(139): warning:  #1035-D: single-precision operand implicitly converted to double-precision
  			sivi_seviyesi =sivi_seviyesi+1.0;
../Core/Src/main.c(143): warning:  #1035-D: single-precision operand implicitly converted to double-precision
  			sivi_seviyesi =sivi_seviyesi-1.0;
../Core/Src/main.c(147): warning:  #188-D: enumerated type mixed with another type
        HAL_GPIO_WritePin(GPIOA,GPIO_PIN_6,1);	
../Core/Src/main.c(149): warning:  #188-D: enumerated type mixed with another type
  			 HAL_GPIO_WritePin(GPIOA,GPIO_PIN_6,0);	
../Core/Src/main.c: 4 warnings, 0 errors
linking...
Program Size: Code=10512 RO-data=600 RW-data=44 ZI-data=1108  
FromELF: creating hex file...
"lcd+pot+dalgic+start+stop\lcd+pot+dalgic+start+stop.axf" - 0 Error(s), 4 Warning(s).

<h2>Software Packages used:</h2>

Package Vendor: ARM
                http://www.keil.com/pack/ARM.CMSIS.4.4.0.pack
                ARM.CMSIS.4.4.0
                CMSIS (Cortex Microcontroller Software Interface Standard)
   * Component: CORE Version: 4.2.0

Package Vendor: Keil
                http://www.keil.com/pack/Keil.STM32F4xx_DFP.2.15.0.pack
                Keil.STM32F4xx_DFP.2.15.0
                STMicroelectronics STM32F4 Series Device Support, Drivers and Examples

<h2>Collection of Component include folders:</h2>
  .\RTE\_lcd_pot_dalgic_start_stop
  C:\Users\MUSTAFA VURAL\AppData\Local\Arm\Packs\ARM\CMSIS\4.4.0\CMSIS\Include
  C:\Users\MUSTAFA VURAL\AppData\Local\Arm\Packs\Keil\STM32F4xx_DFP\2.15.0\Drivers\CMSIS\Device\ST\STM32F4xx\Include

<h2>Collection of Component Files used:</h2>

   * Component: ARM::CMSIS:CORE:4.2.0
Build Time Elapsed:  00:00:01
</pre>
</body>
</html>
